ASxxxx Linker V03.00 + NoICE + sdld,  page 1.
Hexadecimal  [32-Bits]

Area                                    Addr        Size        Decimal Bytes (Attributes)
--------------------------------        ----        ----        ------- ----- ------------
.  .ABS.                            00000000    00000000 =           0. bytes (ABS,CON)

      Value  Global                              Global Defined In Module
      -----  --------------------------------   ------------------------
     00000000  .__.ABS.                           
     00000000  _rRAMG                             
     00000000  l__BASE                         
     00000000  l__BSS                          
     00000000  l__CABS                         
     00000000  l__CODE_0                       
     00000000  l__CRASH_HEADER                 
     00000000  l__CRASH_SCRATCH                
     00000000  l__DABS                         
     00000000  l__EHL_TRAMPOLINE               
     00000000  l__HEADER                       
     00000000  l__HEADER_LCD                   
     00000000  l__HEADER_SIO                   
     00000000  l__HEADER_TIMER                 
     00000000  l__HEAP                         
     00000000  l__HRAM                         
     00000000  l__LIT                          
     00000000  s__CABS                         
     00000000  s__CRASH_HEADER                 
     00000000  s__CRASH_HEADER0                
     00000000  s__CRASH_HEADER1                
     00000000  s__CRASH_SCRATCH                
     00000000  s__CRASH_SCRATCH2               
     00000000  s__DABS                         
     00000000  s__EHL_TRAMPOLINE               
     00000000  s__EHL_TRAMPOLINE0              
     00000000  s__HEADER                       
     00000000  s__HEADER0                      
     00000000  s__HEADER1                      
     00000000  s__HEADER10                     
     00000000  s__HEADER11                     
     00000000  s__HEADER2                      
     00000000  s__HEADER3                      
     00000000  s__HEADER4                      
     00000000  s__HEADER5                      
     00000000  s__HEADER6                      
     00000000  s__HEADER7                      
     00000000  s__HEADER8                      
     00000000  s__HEADER9                      
     00000000  s__HEADER_LCD                   
     00000000  s__HEADER_LCD0                  
     00000000  s__HEADER_SIO                   
     00000000  s__HEADER_SIO0                  
     00000000  s__HEADER_TIMER                 
     00000000  s__HEADER_TIMER0                
     00000000  s__HEADERa                      
     00000000  s__HEADERb                      
     00000000  s__HEADERc                      
     00000000  s__HEADERd                      
     00000000  s__HEADERe                      
ASxxxx Linker V03.00 + NoICE + sdld,  page 2.
Hexadecimal  [32-Bits]

Area                                    Addr        Size        Decimal Bytes (Attributes)
--------------------------------        ----        ----        ------- ----- ------------
.  .ABS.                            00000000    00000000 =           0. bytes (ABS,CON)

      Value  Global                              Global Defined In Module
      -----  --------------------------------   ------------------------
     00000000  s__HEADERf                      
     00000000  s__HRAM                         
     00000000  s__HRAM12                       
     00000001  ___bank_ACTOR                      actor
     00000001  ___bank_SGB_border_chr             border
     00000001  ___bank_SGB_border_map             border
     00000001  ___bank_SGB_border_pal             border
     00000001  ___bank_VM_SGB                     vm_sgb
     00000001  ___bank_actor_2_interact           actor_2_interact
     00000001  ___mute_mask_sound_legacy_0        sound_legacy_0
     00000001  ___mute_mask_sound_legacy_2        sound_legacy_2
     00000001  b_activate_actor                   actor
     00000001  b_activate_actors_in_col           actor
     00000001  b_activate_actors_in_row           actor
     00000001  b_actor_at_tile                    actor
     00000001  b_actor_get_frame_offset           actor
     00000001  b_actor_in_front_of_player         actor
     00000001  b_actor_overlapping_bb             actor
     00000001  b_actor_overlapping_player         actor
     00000001  b_actor_set_anim_idle              actor
     00000001  b_actor_set_anim_moving            actor
     00000001  b_actor_set_dir                    actor
     00000001  b_actor_set_frame_offset           actor
     00000001  b_actor_set_frames                 actor
     00000001  b_actors_handle_player_collision   actor
     00000001  b_actors_init                      actor
     00000001  b_check_collision_in_direction     actor
     00000001  b_deactivate_actor                 actor
     00000001  b_player_init                      actor
     00000001  b_set_sgb_border                   sgb_border
     00000001  b_ui_draw_frame                    ui
     00000001  b_ui_draw_text_buffer_char         ui
     00000001  b_ui_init                          ui
     00000001  b_ui_load_tiles                    ui
     00000001  b_ui_run_menu                      ui
     00000001  b_ui_run_modal                     ui
     00000001  b_ui_set_start_tile                ui
     00000001  l__GSFINAL                      
     00000001  l__HEADER0                      
     00000001  l__HEADER11                     
     00000001  l__HEADER9                      
     00000001  l__HEADERa                      
     00000001  l__HEADERb                      
     00000001  l__HEADERd                      
     00000001  l__HEADERe                      
     00000002  ___bank_VM_ACTOR                   vm_actor
     00000002  ___bank_VM_MAIN                    vm
     00000002  ___bank_bg_a11_tileset             bg_a11_tileset
     00000002  ___bank_scene_date_init            scene_date_init
     00000002  ___bank_script_player_damage       script_player_damage
     00000002  b_platform_init                    platform
ASxxxx Linker V03.00 + NoICE + sdld,  page 3.
Hexadecimal  [32-Bits]

Area                                    Addr        Size        Decimal Bytes (Attributes)
--------------------------------        ----        ----        ------- ----- ------------
.  .ABS.                            00000000    00000000 =           0. bytes (ABS,CON)

      Value  Global                              Global Defined In Module
      -----  --------------------------------   ------------------------
     00000002  b_platform_update                  platform
     00000002  b_script_detach_hthread            vm
     00000002  b_script_execute                   vm
     00000002  b_script_runner_init               vm
     00000002  b_script_terminate                 vm
     00000002  b_vm_actor_activate                vm_actor
     00000002  b_vm_actor_deactivate              vm_actor
     00000002  b_vm_actor_emote                   vm_actor
     00000002  b_vm_actor_get_angle               vm_actor
     00000002  b_vm_actor_get_anim_frame          vm_actor
     00000002  b_vm_actor_get_dir                 vm_actor
     00000002  b_vm_actor_get_pos                 vm_actor
     00000002  b_vm_actor_move_cancel             vm_actor
     00000002  b_vm_actor_move_to                 vm_actor
     00000002  b_vm_actor_replace_tile            vm_actor
     00000002  b_vm_actor_set_anim                vm_actor
     00000002  b_vm_actor_set_anim_frame          vm_actor
     00000002  b_vm_actor_set_anim_set            vm_actor
     00000002  b_vm_actor_set_anim_tick           vm_actor
     00000002  b_vm_actor_set_bounds              vm_actor
     00000002  b_vm_actor_set_dir                 vm_actor
     00000002  b_vm_actor_set_flags               vm_actor
     00000002  b_vm_actor_set_move_speed          vm_actor
     00000002  b_vm_actor_set_pos                 vm_actor
     00000002  b_vm_actor_set_spritesheet         vm_actor
     00000002  b_vm_actor_set_spritesheet_by_re   vm_actor
     00000002  b_vm_actor_terminate_update        vm_actor
     00000002  b_vm_call                          vm
     00000002  b_vm_call_far                      vm
     00000002  b_vm_get_indirect                  vm
     00000002  b_vm_get_int16                     vm
     00000002  b_vm_get_int8                      vm
     00000002  b_vm_get_tlocal                    vm
     00000002  b_vm_get_uint8                     vm
     00000002  b_vm_idle                          vm
     00000002  b_vm_if                            vm
     00000002  b_vm_if_const                      vm
     00000002  b_vm_init_rng                      vm
     00000002  b_vm_invoke                        vm
     00000002  b_vm_join                          vm
     00000002  b_vm_jump                          vm
     00000002  b_vm_lock                          vm
     00000002  b_vm_loop                          vm
     00000002  b_vm_memcpy                        vm
     00000002  b_vm_memset                        vm
     00000002  b_vm_poll_loaded                   vm
     00000002  b_vm_pop                           vm
     00000002  b_vm_push                          vm
     00000002  b_vm_push_reference                vm
     00000002  b_vm_push_value                    vm
     00000002  b_vm_push_value_ind                vm
ASxxxx Linker V03.00 + NoICE + sdld,  page 4.
Hexadecimal  [32-Bits]

Area                                    Addr        Size        Decimal Bytes (Attributes)
--------------------------------        ----        ----        ------- ----- ------------
.  .ABS.                            00000000    00000000 =           0. bytes (ABS,CON)

      Value  Global                              Global Defined In Module
      -----  --------------------------------   ------------------------
     00000002  b_vm_raise                         vm
     00000002  b_vm_rand                          vm
     00000002  b_vm_reserve                       vm
     00000002  b_vm_ret                           vm
     00000002  b_vm_ret_far                       vm
     00000002  b_vm_set                           vm
     00000002  b_vm_set_const                     vm
     00000002  b_vm_set_const_int16               vm
     00000002  b_vm_set_const_int8                vm
     00000002  b_vm_set_indirect                  vm
     00000002  b_vm_set_int16                     vm
     00000002  b_vm_set_int8                      vm
     00000002  b_vm_set_uint8                     vm
     00000002  b_vm_terminate                     vm
     00000002  b_vm_test_terminate                vm
     00000002  b_vm_unlock                        vm
     00000002  b_wait_frames                      vm
     00000002  l__HEADER5                      
     00000002  l__HEADERc                      
     00000002  l__HEADERf                      
     00000003  ___bank_VM_UI                      vm_ui
     00000003  ___bank_actor_ul_update            actor_ul_update
     00000003  ___bank_font_gbs_variable_width    font_gbs_variable_width
     00000003  ___bank_scene_a11                  scene_a11
     00000003  b_adventure_init                   adventure
     00000003  b_adventure_update                 adventure
     00000003  b_do_load_palette                  data_manager
     00000003  b_load_background                  data_manager
     00000003  b_load_bkg_tileset                 data_manager
     00000003  b_load_bounds                      data_manager
     00000003  b_load_emote                       data_manager
     00000003  b_load_init                        data_manager
     00000003  b_load_player                      data_manager
     00000003  b_load_scene                       data_manager
     00000003  b_load_sprite                      data_manager
     00000003  b_scroll_init                      scroll
     00000003  b_scroll_repaint                   scroll
     00000003  b_scroll_reset                     scroll
     00000003  b_scroll_update                    scroll
     00000003  b_shmup_init                       shmup
     00000003  b_shmup_update                     shmup
     00000003  b_vm_choice                        vm_ui
     00000003  b_vm_display_text                  vm_ui
     00000003  b_vm_overlay_clear                 vm_ui
     00000003  b_vm_overlay_move_to               vm_ui
     00000003  b_vm_overlay_scroll                vm_ui
     00000003  b_vm_overlay_set_map               vm_ui
     00000003  b_vm_overlay_set_scroll            vm_ui
     00000003  b_vm_overlay_set_submap            vm_ui
     00000003  b_vm_overlay_set_submap_ex         vm_ui
     00000003  b_vm_overlay_setpos                vm_ui
ASxxxx Linker V03.00 + NoICE + sdld,  page 5.
Hexadecimal  [32-Bits]

Area                                    Addr        Size        Decimal Bytes (Attributes)
--------------------------------        ----        ----        ------- ----- ------------
.  .ABS.                            00000000    00000000 =           0. bytes (ABS,CON)

      Value  Global                              Global Defined In Module
      -----  --------------------------------   ------------------------
     00000003  b_vm_overlay_show                  vm_ui
     00000003  b_vm_overlay_wait                  vm_ui
     00000003  b_vm_set_font                      vm_ui
     00000003  b_vm_set_text_sound                vm_ui
     00000003  b_vm_switch_text_layer             vm_ui
     00000003  l__HEADER8                      
     00000003  l__HEADER_LCD0                  
     00000003  l__HRAM12                       
     00000004  ___bank_VM_GAMEBOY                 vm_gameboy
     00000004  ___bank_bg_character_select_lite   bg_character_select_lite_til
     00000004  ___bank_bg_d11_tileset             bg_d11_tileset
     00000004  ___bank_bg_e12_tileset             bg_e12_tileset
     00000004  ___bank_bg_f10_interior_tileset    bg_f10_interior_tileset
     00000004  ___bank_bg_f10_tileset             bg_f10_tileset
     00000004  ___bank_bg_g10_tileset             bg_g10_tileset
     00000004  ___bank_bg_minimap_tileset         bg_minimap_tileset
     00000004  ___bank_scene_a11_sprites          scene_a11_sprites
     00000004  ___bank_script_reposition_player   script_reposition_player
     00000004  b_projectile_launch                projectiles
     00000004  b_projectiles_init                 projectiles
     00000004  b_topdown_init                     topdown
     00000004  b_topdown_update                   topdown
     00000004  b_vm_context_prepare               vm_gameboy
     00000004  b_vm_fade                          vm_gameboy
     00000004  b_vm_get_tile_xy                   vm_gameboy
     00000004  b_vm_input_attach                  vm_gameboy
     00000004  b_vm_input_detach                  vm_gameboy
     00000004  b_vm_input_get                     vm_gameboy
     00000004  b_vm_input_wait                    vm_gameboy
     00000004  b_vm_load_tiles                    vm_gameboy
     00000004  b_vm_load_tileset                  vm_gameboy
     00000004  b_vm_poll                          vm_gameboy
     00000004  b_vm_replace_tile                  vm_gameboy
     00000004  b_vm_replace_tile_xy               vm_gameboy
     00000004  b_vm_rumble                        vm_gameboy
     00000004  b_vm_set_sprite_mode               vm_gameboy
     00000004  b_vm_set_sprites_visible           vm_gameboy
     00000004  b_vm_timer_prepare                 vm_gameboy
     00000004  b_vm_timer_reset                   vm_gameboy
     00000004  b_vm_timer_set                     vm_gameboy
     00000004  b_vm_timer_stop                    vm_gameboy
     00000004  l__CRASH_HEADER1                
     00000004  l__HEADER_SIO0                  
     00000004  l__HEADER_TIMER0                
     00000005  ___bank_actor_clock_0_update       actor_clock_0_update
     00000005  ___bank_actor_clock_1_update       actor_clock_1_update
     00000005  ___bank_actor_clock_2_update       actor_clock_2_update
     00000005  ___bank_actor_clock_3_update       actor_clock_3_update
     00000005  ___bank_actor_clock_4_update       actor_clock_4_update
     00000005  ___bank_actor_clock_5_update       actor_clock_5_update
     00000005  ___bank_actor_clock_6_update       actor_clock_6_update
ASxxxx Linker V03.00 + NoICE + sdld,  page 6.
Hexadecimal  [32-Bits]

Area                                    Addr        Size        Decimal Bytes (Attributes)
--------------------------------        ----        ----        ------- ----- ------------
.  .ABS.                            00000000    00000000 =           0. bytes (ABS,CON)

      Value  Global                              Global Defined In Module
      -----  --------------------------------   ------------------------
     00000005  ___bank_actor_clock_7_update       actor_clock_7_update
     00000005  ___bank_bg_b_c11_alt_tileset       bg_b_c11_alt_tileset
     00000005  ___bank_bg_b_c11_tileset           bg_b_c11_tileset
     00000005  ___bank_bg_e11_tileset             bg_e11_tileset
     00000005  ___bank_bg_f11_tileset             bg_f11_tileset
     00000005  ___bank_bg_map_template_tileset    bg_map_template_tileset
     00000005  ___bank_song_song_template_1_Dat   song_song_template_1_Data
     00000005  b_core_reset                       core
     00000005  b_core_run                         core
     00000005  b_data_clear                       load_save
     00000005  b_data_init                        load_save
     00000005  b_data_load                        load_save
     00000005  b_data_peek                        load_save
     00000005  b_data_save                        load_save
     00000005  b_gbprinter_detect                 gbprinter
     00000005  b_gbprinter_print_overlay          gbprinter
     00000005  b_trigger_activate_at              trigger
     00000005  b_trigger_activate_at_intersecti   trigger
     00000005  b_trigger_at_intersection          trigger
     00000005  b_trigger_at_tile                  trigger
     00000005  b_trigger_interact                 trigger
     00000005  b_trigger_reset                    trigger
     00000005  l__CRASH_HEADER0                
     00000005  l__HEADER1                      
     00000006  ___bank_VM_CAMERA                  vm_camera
     00000006  ___bank_VM_PALETTE                 vm_palette
     00000006  ___bank_VM_SIO                     vm_sio
     00000006  ___bank_actor_clock_8_update       actor_clock_8_update
     00000006  ___bank_actor_clock_9_update       actor_clock_9_update
     00000006  ___bank_actor_clock_update         actor_clock_update
     00000006  ___bank_bg_a11_tilemap             bg_a11_tilemap
     00000006  ___bank_bg_a11_tilemap_attr        bg_a11_tilemap_attr
     00000006  ___bank_bg_b_c11_alt_tilemap       bg_b_c11_alt_tilemap
     00000006  ___bank_bg_b_c11_alt_tilemap_att   bg_b_c11_alt_tilemap_attr
     00000006  ___bank_bg_b_c11_tilemap           bg_b_c11_tilemap
     00000006  ___bank_bg_d10_tilemap             bg_d10_tilemap
     00000006  ___bank_bg_d10_tileset             bg_d10_tileset
     00000006  ___bank_bg_d11_tilemap             bg_d11_tilemap
     00000006  ___bank_bg_d12_tilemap             bg_d12_tilemap
     00000006  ___bank_bg_d12_tileset             bg_d12_tileset
     00000006  ___bank_bg_e10_tileset             bg_e10_tileset
     00000006  ___bank_bg_lost_to_newport_title   bg_lost_to_newport_titlescr_
     00000006  ___bank_scene_b_c11_alt_collisio   scene_b_c11_alt_collisions
     00000006  ___bank_scene_b_c11_collisions     scene_b_c11_collisions
     00000006  ___bank_sprite_backpacker_shade_   sprite_backpacker_shade_tile
     00000006  b___HandleCrash_banked             
     00000006  b_camera_shake_frames              vm_camera
     00000006  b_fade_applypalettechange          fade_manager
     00000006  b_fade_in                          fade_manager
     00000006  b_fade_in_modal                    fade_manager
     00000006  b_fade_init                        fade_manager
ASxxxx Linker V03.00 + NoICE + sdld,  page 7.
Hexadecimal  [32-Bits]

Area                                    Addr        Size        Decimal Bytes (Attributes)
--------------------------------        ----        ----        ------- ----- ------------
.  .ABS.                            00000000    00000000 =           0. bytes (ABS,CON)

      Value  Global                              Global Defined In Module
      -----  --------------------------------   ------------------------
     00000006  b_fade_out                         fade_manager
     00000006  b_fade_out_modal                   fade_manager
     00000006  b_fade_setspeed                    fade_manager
     00000006  b_fade_update                      fade_manager
     00000006  b_pointnclick_init                 pointnclick
     00000006  b_pointnclick_update               pointnclick
     00000006  b_vm_camera_move_to                vm_camera
     00000006  b_vm_camera_set_pos                vm_camera
     00000006  b_vm_load_palette                  vm_palette
     00000006  b_vm_sio_exchange                  vm_sio
     00000006  b_vm_sio_set_mode                  vm_sio
     00000006  l__HEADER7                      
     00000007  ___bank_actor_4_interact           actor_4_interact
     00000007  ___bank_bg_backpacker_status_til   bg_backpacker_status_tilemap
     00000007  ___bank_bg_backpacker_status_til   bg_backpacker_status_tilemap
     00000007  ___bank_bg_backpacker_status_til   bg_backpacker_status_tileset
     00000007  ___bank_bg_character_select_lite   bg_character_select_lite_til
     00000007  ___bank_bg_character_select_lite   bg_character_select_lite_til
     00000007  ___bank_bg_date_tilemap            bg_date_tilemap
     00000007  ___bank_bg_e10_tilemap             bg_e10_tilemap
     00000007  ___bank_bg_e11_tilemap             bg_e11_tilemap
     00000007  ___bank_bg_e12_tilemap             bg_e12_tilemap
     00000007  ___bank_bg_f10_interior_tilemap    bg_f10_interior_tilemap
     00000007  ___bank_bg_f10_tilemap             bg_f10_tilemap
     00000007  ___bank_bg_f11_tilemap             bg_f11_tilemap
     00000007  ___bank_bg_g10_tilemap             bg_g10_tilemap
     00000007  ___bank_bg_lost_to_newport_title   bg_lost_to_newport_titlescr_
     00000007  ___bank_bg_map_template_tilemap    bg_map_template_tilemap
     00000007  ___bank_bg_minimap_tilemap         bg_minimap_tilemap
     00000007  ___bank_bg_minimap_tilemap_attr    bg_minimap_tilemap_attr
     00000007  ___bank_scene_a11_collisions       scene_a11_collisions
     00000007  ___bank_scene_character_select_c   scene_character_select_colli
     00000007  ___bank_scene_d10_collisions       scene_d10_collisions
     00000007  ___bank_scene_d11_collisions       scene_d11_collisions
     00000007  ___bank_scene_d12_collisions       scene_d12_collisions
     00000007  ___bank_scene_date_collisions      scene_date_collisions
     00000007  ___bank_scene_e10_collisions       scene_e10_collisions
     00000007  ___bank_scene_e11_collisions       scene_e11_collisions
     00000007  ___bank_scene_e12_collisions       scene_e12_collisions
     00000007  ___bank_scene_f10_collisions       scene_f10_collisions
     00000007  ___bank_scene_f10_interior_colli   scene_f10_interior_collision
     00000007  ___bank_scene_f11_collisions       scene_f11_collisions
     00000007  ___bank_scene_g10_collisions       scene_g10_collisions
     00000007  ___bank_scene_minimap_collisions   scene_minimap_collisions
     00000007  ___bank_scene_scene_template_col   scene_scene_template_collisi
     00000007  ___bank_scene_scene_template_spr   scene_scene_template_sprites
     00000007  ___bank_scene_status_collisions    scene_status_collisions
     00000007  ___bank_scene_title_screen_colli   scene_title_screen_collision
     00000007  ___bank_sprite_backpacker_tilese   sprite_backpacker_tileset
     00000007  ___bank_sprite_conspiracy_theori   sprite_conspiracy_theorist_t
     00000007  ___bank_sprite_vagrant_tileset     sprite_vagrant_tileset
ASxxxx Linker V03.00 + NoICE + sdld,  page 8.
Hexadecimal  [32-Bits]

Area                                    Addr        Size        Decimal Bytes (Attributes)
--------------------------------        ----        ----        ------- ----- ------------
.  .ABS.                            00000000    00000000 =           0. bytes (ABS,CON)

      Value  Global                              Global Defined In Module
      -----  --------------------------------   ------------------------
     00000007  ___bank_sprite_witch_tileset       sprite_witch_tileset
     00000007  l__HEADER2                      
     00000008  ___bank_VM_GBPRINTER               vm_gbprinter
     00000008  ___bank_VM_LOAD_SAVE               vm_load_save
     00000008  ___bank_VM_MATH                    vm_math
     00000008  ___bank_VM_MUSIC                   vm_music
     00000008  ___bank_VM_PROJECTILE              vm_projectiles
     00000008  ___bank_VM_RTC                     vm_rtc
     00000008  ___bank_VM_SCENE                   vm_scene
     00000008  ___bank_actor_0_interact           actor_0_interact
     00000008  ___bank_actor_3_interact           actor_3_interact
     00000008  ___bank_actor_6_update             actor_6_update
     00000008  ___bank_actor_cat_interact         actor_cat_interact
     00000008  ___bank_actor_duck_update          actor_duck_update
     00000008  ___bank_actor_health_indicator_0   actor_health_indicator_0_upd
     00000008  ___bank_actor_health_indicator_1   actor_health_indicator_1_upd
     00000008  ___bank_actor_health_indicator_2   actor_health_indicator_2_upd
     00000008  ___bank_actor_health_indicator_3   actor_health_indicator_3_upd
     00000008  ___bank_actor_health_indicator_4   actor_health_indicator_4_upd
     00000008  ___bank_actor_health_indicator_5   actor_health_indicator_5_upd
     00000008  ___bank_actor_health_indicator_6   actor_health_indicator_6_upd
     00000008  ___bank_actor_health_indicator_7   actor_health_indicator_7_upd
     00000008  ___bank_actor_health_indicator_8   actor_health_indicator_8_upd
     00000008  ___bank_actor_health_indicator_9   actor_health_indicator_9_upd
     00000008  ___bank_actor_health_indicator_u   actor_health_indicator_updat
     00000008  ___bank_bg_date_tileset            bg_date_tileset
     00000008  ___bank_emote_shock                emote_shock
     00000008  ___bank_frame_image                frame_image
     00000008  ___bank_palette_0                  palette_0
     00000008  ___bank_palette_1                  palette_1
     00000008  ___bank_palette_2                  palette_2
     00000008  ___bank_scene_a11_init             scene_a11_init
     00000008  ___bank_scene_b_c11                scene_b_c11
     00000008  ___bank_scene_b_c11_alt            scene_b_c11_alt
     00000008  ___bank_scene_character_select     scene_character_select
     00000008  ___bank_scene_character_select_a   scene_character_select_actor
     00000008  ___bank_scene_d10                  scene_d10
     00000008  ___bank_scene_d10_actors           scene_d10_actors
     00000008  ___bank_scene_d11                  scene_d11
     00000008  ___bank_scene_d11_actors           scene_d11_actors
     00000008  ___bank_scene_d11_init             scene_d11_init
     00000008  ___bank_scene_d12                  scene_d12
     00000008  ___bank_scene_d12_actors           scene_d12_actors
     00000008  ___bank_scene_date                 scene_date
     00000008  ___bank_scene_e10                  scene_e10
     00000008  ___bank_scene_e10_actors           scene_e10_actors
     00000008  ___bank_scene_e11                  scene_e11
     00000008  ___bank_scene_e11_actors           scene_e11_actors
     00000008  ___bank_scene_e12                  scene_e12
     00000008  ___bank_scene_e12_actors           scene_e12_actors
     00000008  ___bank_scene_f10                  scene_f10
ASxxxx Linker V03.00 + NoICE + sdld,  page 9.
Hexadecimal  [32-Bits]

Area                                    Addr        Size        Decimal Bytes (Attributes)
--------------------------------        ----        ----        ------- ----- ------------
.  .ABS.                            00000000    00000000 =           0. bytes (ABS,CON)

      Value  Global                              Global Defined In Module
      -----  --------------------------------   ------------------------
     00000008  ___bank_scene_f10_actors           scene_f10_actors
     00000008  ___bank_scene_f10_init             scene_f10_init
     00000008  ___bank_scene_f10_interior         scene_f10_interior
     00000008  ___bank_scene_f10_interior_actor   scene_f10_interior_actors
     00000008  ___bank_scene_f11                  scene_f11
     00000008  ___bank_scene_f11_actors           scene_f11_actors
     00000008  ___bank_scene_g10                  scene_g10
     00000008  ___bank_scene_g10_actors           scene_g10_actors
     00000008  ___bank_scene_minimap              scene_minimap
     00000008  ___bank_scene_minimap_init         scene_minimap_init
     00000008  ___bank_scene_scene_template       scene_scene_template
     00000008  ___bank_scene_scene_template_act   scene_scene_template_actors
     00000008  ___bank_scene_status               scene_status
     00000008  ___bank_scene_status_actors        scene_status_actors
     00000008  ___bank_scene_status_init          scene_status_init
     00000008  ___bank_scene_title_screen         scene_title_screen
     00000008  ___bank_scene_title_screen_init    scene_title_screen_init
     00000008  ___bank_script_engine_init         
     00000008  ___bank_script_record_player_pos   script_record_player_positi
     00000008  ___bank_sprite_backpacker          sprite_backpacker
     00000008  ___bank_sprite_backpacker_face_l   sprite_backpacker_face_ll_ti
     00000008  ___bank_sprite_backpacker_face_l   sprite_backpacker_face_lr_ti
     00000008  ___bank_sprite_backpacker_face_u   sprite_backpacker_face_ul_ti
     00000008  ___bank_sprite_backpacker_face_u   sprite_backpacker_face_ur_ti
     00000008  ___bank_sprite_backpacker_shade    sprite_backpacker_shade
     00000008  ___bank_sprite_board_door_tilese   sprite_board_door_tileset
     00000008  ___bank_sprite_cat                 sprite_cat
     00000008  ___bank_sprite_cat_tileset         sprite_cat_tileset
     00000008  ___bank_sprite_character_select_   sprite_character_select_cur
     00000008  ___bank_sprite_character_select_   sprite_character_select_cur_
     00000008  ___bank_sprite_clock_cursor        sprite_clock_cursor
     00000008  ___bank_sprite_clock_cursor_tile   sprite_clock_cursor_tileset
     00000008  ___bank_sprite_conspiracy_theori   sprite_conspiracy_theorist
     00000008  ___bank_sprite_conspiracy_theori   sprite_conspiracy_theorist__
     00000008  ___bank_sprite_conspiracy_theori   sprite_conspiracy_theorist__
     00000008  ___bank_sprite_conspiracy_theori   sprite_conspiracy_theorist__
     00000008  ___bank_sprite_conspiracy_theori   sprite_conspiracy_theorist__
     00000008  ___bank_sprite_conspiracy_theori   sprite_conspiracy_theorist__
     00000008  ___bank_sprite_conspiracy_theori   sprite_conspiracy_theorist__
     00000008  ___bank_sprite_door                sprite_door
     00000008  ___bank_sprite_door_tileset        sprite_door_tileset
     00000008  ___bank_sprite_duck                sprite_duck
     00000008  ___bank_sprite_duck_tileset        sprite_duck_tileset
     00000008  ___bank_sprite_health1_tileset     sprite_health1_tileset
     00000008  ___bank_sprite_health2_tileset     sprite_health2_tileset
     00000008  ___bank_sprite_health3_tileset     sprite_health3_tileset
     00000008  ___bank_sprite_map_cursor_tilese   sprite_map_cursor_tileset
     00000008  ___bank_sprite_screen_door         sprite_screen_door
     00000008  ___bank_sprite_screen_door_tiles   sprite_screen_door_tileset
     00000008  ___bank_sprite_signpost_tileset    sprite_signpost_tileset
     00000008  ___bank_sprite_trucker             sprite_trucker
ASxxxx Linker V03.00 + NoICE + sdld,  page 10.
Hexadecimal  [32-Bits]

Area                                    Addr        Size        Decimal Bytes (Attributes)
--------------------------------        ----        ----        ------- ----- ------------
.  .ABS.                            00000000    00000000 =           0. bytes (ABS,CON)

      Value  Global                              Global Defined In Module
      -----  --------------------------------   ------------------------
     00000008  ___bank_sprite_trucker_face_ll_t   sprite_trucker_face_ll_tiles
     00000008  ___bank_sprite_trucker_face_lr_t   sprite_trucker_face_lr_tiles
     00000008  ___bank_sprite_trucker_face_ul_t   sprite_trucker_face_ul_tiles
     00000008  ___bank_sprite_trucker_face_ur_t   sprite_trucker_face_ur_tiles
     00000008  ___bank_sprite_trucker_tileset     sprite_trucker_tileset
     00000008  ___bank_sprite_vagrant             sprite_vagrant
     00000008  ___bank_sprite_vagrant_face_ll_t   sprite_vagrant_face_ll_tiles
     00000008  ___bank_sprite_vagrant_face_lr_t   sprite_vagrant_face_lr_tiles
     00000008  ___bank_sprite_vagrant_face_ul_t   sprite_vagrant_face_ul_tiles
     00000008  ___bank_sprite_vagrant_face_ur_t   sprite_vagrant_face_ur_tiles
     00000008  ___bank_sprite_witch               sprite_witch
     00000008  ___bank_sprite_witch_face_ll_til   sprite_witch_face_ll_tileset
     00000008  ___bank_sprite_witch_face_lr_til   sprite_witch_face_lr_tileset
     00000008  ___bank_sprite_witch_face_ul_til   sprite_witch_face_ul_tileset
     00000008  ___bank_sprite_witch_face_ur_til   sprite_witch_face_ur_tileset
     00000008  ___bank_trigger_0_interact         trigger_0_interact
     00000008  ___bank_trigger_10_interact        trigger_10_interact
     00000008  ___bank_trigger_11_interact        trigger_11_interact
     00000008  ___bank_trigger_12_interact        trigger_12_interact
     00000008  ___bank_trigger_13_interact        trigger_13_interact
     00000008  ___bank_trigger_14_interact        trigger_14_interact
     00000008  ___bank_trigger_17_interact        trigger_17_interact
     00000008  ___bank_trigger_1_interact         trigger_1_interact
     00000008  ___bank_trigger_20_interact        trigger_20_interact
     00000008  ___bank_trigger_23_interact        trigger_23_interact
     00000008  ___bank_trigger_24_interact        trigger_24_interact
     00000008  ___bank_trigger_25_interact        trigger_25_interact
     00000008  ___bank_trigger_26_interact        trigger_26_interact
     00000008  ___bank_trigger_27_interact        trigger_27_interact
     00000008  ___bank_trigger_29_interact        trigger_29_interact
     00000008  ___bank_trigger_30_interact        trigger_30_interact
     00000008  ___bank_trigger_31_interact        trigger_31_interact
     00000008  ___bank_trigger_35_interact        trigger_35_interact
     00000008  ___bank_trigger_36_interact        trigger_36_interact
     00000008  ___bank_trigger_40_interact        trigger_40_interact
     00000008  ___bank_trigger_42_interact        trigger_42_interact
     00000008  ___bank_trigger_43_interact        trigger_43_interact
     00000008  ___bank_trigger_4_interact         trigger_4_interact
     00000008  ___bank_trigger_5_interact         trigger_5_interact
     00000008  ___bank_trigger_6_interact         trigger_6_interact
     00000008  ___bank_trigger_7_interact         trigger_7_interact
     00000008  ___bank_trigger_8_interact         trigger_8_interact
     00000008  ___bank_trigger_9_interact         trigger_9_interact
     00000008  ___bank_trigger_east_exit_intera   trigger_east_exit_interact
     00000008  ___bank_trigger_north_exit_inter   trigger_north_exit_interact
     00000008  ___bank_trigger_south_exit_inter   trigger_south_exit_interact
     00000008  ___bank_trigger_west_exit_intera   trigger_west_exit_interact
     00000008  ___mute_mask_sound_legacy_1        sound_legacy_1
     00000008  ___mute_mask_sound_legacy_3        sound_legacy_3
     00000008  b_CGBZeroPalette                   palette
     00000008  b_SGBTransferPalettes              palette
ASxxxx Linker V03.00 + NoICE + sdld,  page 11.
Hexadecimal  [32-Bits]

Area                                    Addr        Size        Decimal Bytes (Attributes)
--------------------------------        ----        ----        ------- ----- ------------
.  .ABS.                            00000000    00000000 =           0. bytes (ABS,CON)

      Value  Global                              Global Defined In Module
      -----  --------------------------------   ------------------------
     00000008  b_erase_flash                      
     00000008  b_events_init                      events
     00000008  b_itoa_fmt                         vm_ui_a
     00000008  b_music_events_poll                music_manager
     00000008  b_music_init_driver                music_manager
     00000008  b_music_init_events                music_manager
     00000008  b_palette_init                     palette
     00000008  b_restore_sram                     flasher
     00000008  b_restore_sram_bank                flasher
     00000008  b_save_sram                        flasher
     00000008  b_save_sram_banks                  
     00000008  b_scroll_rect                      
     00000008  b_timers_init                      events
     00000008  b_vm_cos_scale                     vm_math
     00000008  b_vm_music_mute                    vm_music
     00000008  b_vm_music_play                    vm_music
     00000008  b_vm_music_routine                 vm_music
     00000008  b_vm_music_setpos                  vm_music
     00000008  b_vm_music_stop                    vm_music
     00000008  b_vm_print_detect                  vm_gbprinter
     00000008  b_vm_print_overlay                 vm_gbprinter
     00000008  b_vm_projectile_launch             vm_projectiles
     00000008  b_vm_projectile_load_type          vm_projectiles
     00000008  b_vm_rtc_get                       vm_rtc
     00000008  b_vm_rtc_latch                     vm_rtc
     00000008  b_vm_rtc_set                       vm_rtc
     00000008  b_vm_rtc_start                     vm_rtc
     00000008  b_vm_save_clear                    vm_load_save
     00000008  b_vm_save_peek                     vm_load_save
     00000008  b_vm_scene_pop                     vm_scene
     00000008  b_vm_scene_pop_all                 vm_scene
     00000008  b_vm_scene_push                    vm_scene
     00000008  b_vm_scene_stack_reset             vm_scene
     00000008  b_vm_sfx_play                      vm_music
     00000008  b_vm_sin_scale                     vm_math
     00000008  b_vm_sound_mastervol               vm_music
     00000008  l__HEADER3                      
     00000009  ___bank_actor_1_interact           actor_1_interact
     00000009  ___bank_actor_1_update             actor_1_update
     00000009  ___bank_actor_5_interact           actor_5_interact
     00000009  ___bank_actor_cat_update           actor_cat_update
     00000009  ___bank_actor_door_interact        actor_door_interact
     00000009  ___bank_actor_item_a_0_update      actor_item_a_0_update
     00000009  ___bank_actor_item_a_update        actor_item_a_update
     00000009  ___bank_actor_item_b_0_update      actor_item_b_0_update
     00000009  ___bank_actor_item_b_update        actor_item_b_update
     00000009  ___bank_bg_a11                     bg_a11
     00000009  ___bank_bg_b_c11                   bg_b_c11
     00000009  ___bank_bg_b_c11_alt               bg_b_c11_alt
     00000009  ___bank_bg_backpacker_status       bg_backpacker_status
     00000009  ___bank_bg_character_select_lite   bg_character_select_lite
ASxxxx Linker V03.00 + NoICE + sdld,  page 12.
Hexadecimal  [32-Bits]

Area                                    Addr        Size        Decimal Bytes (Attributes)
--------------------------------        ----        ----        ------- ----- ------------
.  .ABS.                            00000000    00000000 =           0. bytes (ABS,CON)

      Value  Global                              Global Defined In Module
      -----  --------------------------------   ------------------------
     00000009  ___bank_bg_d10                     bg_d10
     00000009  ___bank_bg_d11                     bg_d11
     00000009  ___bank_bg_d12                     bg_d12
     00000009  ___bank_bg_date                    bg_date
     00000009  ___bank_bg_e10                     bg_e10
     00000009  ___bank_bg_e11                     bg_e11
     00000009  ___bank_bg_e12                     bg_e12
     00000009  ___bank_bg_f10                     bg_f10
     00000009  ___bank_bg_f10_interior            bg_f10_interior
     00000009  ___bank_bg_f11                     bg_f11
     00000009  ___bank_bg_g10                     bg_g10
     00000009  ___bank_bg_lost_to_newport_title   bg_lost_to_newport_titlescr
     00000009  ___bank_bg_map_template            bg_map_template
     00000009  ___bank_bg_minimap                 bg_minimap
     00000009  ___bank_bootstrap_script           
     00000009  ___bank_cursor_image               cursor_image
     00000009  ___bank_scene_a11_actors           scene_a11_actors
     00000009  ___bank_scene_a11_triggers         scene_a11_triggers
     00000009  ___bank_scene_b_c11_actors         scene_b_c11_actors
     00000009  ___bank_scene_b_c11_alt_actors     scene_b_c11_alt_actors
     00000009  ___bank_scene_b_c11_alt_init       scene_b_c11_alt_init
     00000009  ___bank_scene_b_c11_alt_sprites    scene_b_c11_alt_sprites
     00000009  ___bank_scene_b_c11_alt_triggers   scene_b_c11_alt_triggers
     00000009  ___bank_scene_b_c11_init           scene_b_c11_init
     00000009  ___bank_scene_b_c11_sprites        scene_b_c11_sprites
     00000009  ___bank_scene_b_c11_triggers       scene_b_c11_triggers
     00000009  ___bank_scene_character_select_i   scene_character_select_init
     00000009  ___bank_scene_character_select_s   scene_character_select_sprit
     00000009  ___bank_scene_d10_init             scene_d10_init
     00000009  ___bank_scene_d10_sprites          scene_d10_sprites
     00000009  ___bank_scene_d10_triggers         scene_d10_triggers
     00000009  ___bank_scene_d11_sprites          scene_d11_sprites
     00000009  ___bank_scene_d11_triggers         scene_d11_triggers
     00000009  ___bank_scene_d12_init             scene_d12_init
     00000009  ___bank_scene_d12_sprites          scene_d12_sprites
     00000009  ___bank_scene_d12_triggers         scene_d12_triggers
     00000009  ___bank_scene_e10_init             scene_e10_init
     00000009  ___bank_scene_e10_sprites          scene_e10_sprites
     00000009  ___bank_scene_e10_triggers         scene_e10_triggers
     00000009  ___bank_scene_e11_init             scene_e11_init
     00000009  ___bank_scene_e11_sprites          scene_e11_sprites
     00000009  ___bank_scene_e11_triggers         scene_e11_triggers
     00000009  ___bank_scene_e12_init             scene_e12_init
     00000009  ___bank_scene_e12_sprites          scene_e12_sprites
     00000009  ___bank_scene_e12_triggers         scene_e12_triggers
     00000009  ___bank_scene_f10_interior_init    scene_f10_interior_init
     00000009  ___bank_scene_f10_interior_sprit   scene_f10_interior_sprites
     00000009  ___bank_scene_f10_interior_trigg   scene_f10_interior_triggers
     00000009  ___bank_scene_f10_sprites          scene_f10_sprites
     00000009  ___bank_scene_f10_triggers         scene_f10_triggers
     00000009  ___bank_scene_f11_init             scene_f11_init
ASxxxx Linker V03.00 + NoICE + sdld,  page 13.
Hexadecimal  [32-Bits]

Area                                    Addr        Size        Decimal Bytes (Attributes)
--------------------------------        ----        ----        ------- ----- ------------
.  .ABS.                            00000000    00000000 =           0. bytes (ABS,CON)

      Value  Global                              Global Defined In Module
      -----  --------------------------------   ------------------------
     00000009  ___bank_scene_f11_sprites          scene_f11_sprites
     00000009  ___bank_scene_f11_triggers         scene_f11_triggers
     00000009  ___bank_scene_g10_init             scene_g10_init
     00000009  ___bank_scene_g10_sprites          scene_g10_sprites
     00000009  ___bank_scene_g10_triggers         scene_g10_triggers
     00000009  ___bank_scene_minimap_actors       scene_minimap_actors
     00000009  ___bank_scene_minimap_sprites      scene_minimap_sprites
     00000009  ___bank_scene_scene_template_ini   scene_scene_template_init
     00000009  ___bank_scene_scene_template_tri   scene_scene_template_trigger
     00000009  ___bank_script_input_0             script_input_0
     00000009  ___bank_sound_legacy_0             sound_legacy_0
     00000009  ___bank_sound_legacy_1             sound_legacy_1
     00000009  ___bank_sound_legacy_2             sound_legacy_2
     00000009  ___bank_sound_legacy_3             sound_legacy_3
     00000009  ___bank_sprite_backpacker_face_l   sprite_backpacker_face_ll
     00000009  ___bank_sprite_backpacker_face_l   sprite_backpacker_face_lr
     00000009  ___bank_sprite_backpacker_face_u   sprite_backpacker_face_ul
     00000009  ___bank_sprite_backpacker_face_u   sprite_backpacker_face_ur
     00000009  ___bank_sprite_board_door          sprite_board_door
     00000009  ___bank_sprite_conspiracy_theori   sprite_conspiracy_theorist_
     00000009  ___bank_sprite_conspiracy_theori   sprite_conspiracy_theorist__
     00000009  ___bank_sprite_conspiracy_theori   sprite_conspiracy_theorist__
     00000009  ___bank_sprite_conspiracy_theori   sprite_conspiracy_theorist__
     00000009  ___bank_sprite_health0             sprite_health0
     00000009  ___bank_sprite_health0_tileset     sprite_health0_tileset
     00000009  ___bank_sprite_health1             sprite_health1
     00000009  ___bank_sprite_health2             sprite_health2
     00000009  ___bank_sprite_health3             sprite_health3
     00000009  ___bank_sprite_health4             sprite_health4
     00000009  ___bank_sprite_health4_tileset     sprite_health4_tileset
     00000009  ___bank_sprite_invisible           sprite_invisible
     00000009  ___bank_sprite_invisible_tileset   sprite_invisible_tileset
     00000009  ___bank_sprite_map_cursor          sprite_map_cursor
     00000009  ___bank_sprite_signpost            sprite_signpost
     00000009  ___bank_sprite_trucker_face_ll     sprite_trucker_face_ll
     00000009  ___bank_sprite_trucker_face_lr     sprite_trucker_face_lr
     00000009  ___bank_sprite_trucker_face_ul     sprite_trucker_face_ul
     00000009  ___bank_sprite_trucker_face_ur     sprite_trucker_face_ur
     00000009  ___bank_sprite_vagrant_face_ll     sprite_vagrant_face_ll
     00000009  ___bank_sprite_vagrant_face_lr     sprite_vagrant_face_lr
     00000009  ___bank_sprite_vagrant_face_ul     sprite_vagrant_face_ul
     00000009  ___bank_sprite_vagrant_face_ur     sprite_vagrant_face_ur
     00000009  ___bank_sprite_witch_face_ll       sprite_witch_face_ll
     00000009  ___bank_sprite_witch_face_lr       sprite_witch_face_lr
     00000009  ___bank_sprite_witch_face_ul       sprite_witch_face_ul
     00000009  ___bank_sprite_witch_face_ur       sprite_witch_face_ur
     00000009  ___bank_spritesheet_none           spritesheet_none
     00000009  ___bank_trigger_2_interact         trigger_2_interact
     00000009  ___bank_trigger_37_interact        trigger_37_interact
     00000009  ___bank_trigger_3_interact         trigger_3_interact
     00000009  b_SIO_init                         sio
ASxxxx Linker V03.00 + NoICE + sdld,  page 14.
Hexadecimal  [32-Bits]

Area                                    Addr        Size        Decimal Bytes (Attributes)
--------------------------------        ----        ----        ------- ----- ------------
.  .ABS.                            00000000    00000000 =           0. bytes (ABS,CON)

      Value  Global                              Global Defined In Module
      -----  --------------------------------   ------------------------
     00000009  b_camera_init                      camera
     00000009  b_camera_reset                     camera
     00000009  b_input_init                       input
     00000009  b_logo_init                        logo
     00000009  b_logo_update                      logo
     00000009  b_parallax_init                    parallax
     00000009  b_remove_LCD_ISRs                  interrupts
     0000000C  __start_save                    
     00000011  l__EHL_TRAMPOLINE0              
     00000019  l__INITIALIZED                  
     00000019  l__INITIALIZER                  
     00000027  l__GSINIT                       
     00000030  l__HEADER6                      
     0000004E  l__HEADER4                      
     00000080  ___size_SGB_border_pal             border
     00000082  l__HEADER10                     
     000001CB  l__CRASH_SCRATCH2               
     00000200  s__CODE                         
     00000700  ___size_SGB_border_map             border
     00000C4E  l__CODE                         
     00000E4E  s__HOME                         
     00000ECD  l__CODE_9                       
     00001280  ___size_SGB_border_chr             border
     0000197F  l__DATA                         
     00002000  _rROMB0                            
     00002CDF  l__HOME                         
     00003000  _rROMB1                            
     00003B2D  s__BASE                         
     00003B2D  s__CODE_0                       
     00003B2D  s__INITIALIZER                  
     00003B2D  s__LIT                          
     00003B46  s__GSINIT                       
     00003B6D  s__GSFINAL                      
     00003FFE  l__CODE_5                       
     00003FFE  l__CODE_6                       
     00003FFF  l__CODE_4                       
     00003FFF  l__CODE_7                       
     00004000  _RTC_SELECT_REG                    vm_rtc
     00004000  _rRAMB                             
     00004000  l__CODE_1                       
     00004000  l__CODE_2                       
     00004000  l__CODE_3                       
     00004000  l__CODE_8                       
     00006000  _RTC_LATCH_REG                     vm_rtc
     00008000  __VRAM                             
     00008000  __VRAM8000                         
     00008800  __VRAM8800                         
     00009000  __VRAM9000                         
     00009800  __SCRN0                            
     00009C00  __SCRN1                            
     0000A000  _RTC_VALUE_REG                     vm_rtc
ASxxxx Linker V03.00 + NoICE + sdld,  page 15.
Hexadecimal  [32-Bits]

Area                                    Addr        Size        Decimal Bytes (Attributes)
--------------------------------        ----        ----        ------- ----- ------------
.  .ABS.                            00000000    00000000 =           0. bytes (ABS,CON)

      Value  Global                              Global Defined In Module
      -----  --------------------------------   ------------------------
     0000A000  __SRAM                             
     0000C000  __RAM                              
     0000C000  _shadow_OAM                     
     0000C0A0  s__DATA                         
     0000D000  __RAMBANK                          
     0000DA1F  s__BSS                          
     0000DA1F  s__INITIALIZED                  
     0000DA38  s__HEAP                         
     0000DF00  .STACK                          
     0000DF00  _shadow_OAM2                       absolute
     0000DFA0  _BkgPalette                        absolute
     0000DFE0  _vwf_tile_data                     absolute
     0000FE00  __OAMRAM                           
     0000FF00  _P1_REG                            
     0000FF00  __IO                               
     0000FF01  _SB_REG                            
     0000FF02  _SC_REG                            
     0000FF04  _DIV_REG                           
     0000FF05  _TIMA_REG                          
     0000FF06  _TMA_REG                           
     0000FF07  _TAC_REG                           
     0000FF0F  _IF_REG                            
     0000FF10  _NR10_REG                          
     0000FF11  _NR11_REG                          
     0000FF12  _NR12_REG                          
     0000FF13  _NR13_REG                          
     0000FF14  _NR14_REG                          
     0000FF16  _NR21_REG                          
     0000FF17  _NR22_REG                          
     0000FF18  _NR23_REG                          
     0000FF19  _NR24_REG                          
     0000FF1A  _NR30_REG                          
     0000FF1B  _NR31_REG                          
     0000FF1C  _NR32_REG                          
     0000FF1D  _NR33_REG                          
     0000FF1E  _NR34_REG                          
     0000FF20  _NR41_REG                          
     0000FF21  _NR42_REG                          
     0000FF22  _NR43_REG                          
     0000FF23  _NR44_REG                          
     0000FF24  _NR50_REG                          
     0000FF25  _NR51_REG                          
     0000FF26  _NR52_REG                          
     0000FF30  _AUD3WAVE                          
     0000FF30  _PCM_SAMPLE                        
     0000FF30  __AUD3WAVERAM                      
     0000FF40  _LCDC_REG                          
     0000FF41  _STAT_REG                          
     0000FF42  _SCY_REG                           
     0000FF43  _SCX_REG                           
     0000FF44  _LY_REG                            
ASxxxx Linker V03.00 + NoICE + sdld,  page 16.
Hexadecimal  [32-Bits]

Area                                    Addr        Size        Decimal Bytes (Attributes)
--------------------------------        ----        ----        ------- ----- ------------
.  .ABS.                            00000000    00000000 =           0. bytes (ABS,CON)

      Value  Global                              Global Defined In Module
      -----  --------------------------------   ------------------------
     0000FF45  _LYC_REG                           
     0000FF46  _DMA_REG                           
     0000FF47  _BGP_REG                           
     0000FF48  _OBP0_REG                          
     0000FF49  _OBP1_REG                          
     0000FF4A  _WY_REG                            
     0000FF4B  _WX_REG                            
     0000FF4D  _KEY1_REG                          
     0000FF4F  _VBK_REG                           
     0000FF51  _HDMA1_REG                         
     0000FF52  _HDMA2_REG                         
     0000FF53  _HDMA3_REG                         
     0000FF54  _HDMA4_REG                         
     0000FF55  _HDMA5_REG                         
     0000FF56  _RP_REG                            
     0000FF68  _BCPS_REG                          
     0000FF69  _BCPD_REG                          
     0000FF6A  _OCPS_REG                          
     0000FF6B  _OCPD_REG                          
     0000FF70  _SVBK_REG                          
     0000FF76  _PCM12_REG                         
     0000FF77  _PCM34_REG                         
     0000FF80  .refresh_OAM                    
     0000FF80  __HRAM                             
     0000FFFF  _IE_REG                            
     00014000  s__CODE_1                       
     00024000  s__CODE_2                       
     00034000  s__CODE_3                       
     00044000  s__CODE_4                       
     00054000  s__CODE_5                       
     00064000  s__CODE_6                       
     00074000  s__CODE_7                       
     00084000  s__CODE_8                       
     00094000  s__CODE_9                       
ASxxxx Linker V03.00 + NoICE + sdld,  page 17.
Hexadecimal  [32-Bits]

Area                                    Addr        Size        Decimal Bytes (Attributes)
--------------------------------        ----        ----        ------- ----- ------------
_CODE                               00000200    00000C4E =        3150. bytes (REL,CON)

      Value  Global                              Global Defined In Module
      -----  --------------------------------   ------------------------
     00000200  ___HandleCrash                     
     0000020A  _SIO_send_byte                     
     0000021D  _SIO_receive                       
     0000022E  _SetTile                           
     0000023D  _set_win_tile_xy                   
     00000242  _set_bkg_tile_xy                   
     00000265  _GetWinAddr                        
     0000026D  _GetBkgAddr                        
     0000027B  _state_init                        
     00000280  _state_update                      
     000002A2  _ui_time_masks                     
     000002AA  _ui_print_shift_char               
     0000032D  _ui_draw_frame_row                 
     00000336  .ui_draw_frame_row                 
     0000035F  _script_cmds                       vm_instructions
     00000593  _save_signature                    game_signature
     00000597  _start_scene_x                     
     00000599  _start_scene_y                     
     0000059B  _start_scene_dir                   
     0000059C  _start_scene                       
     0000059F  _start_player_move_speed           
     000005A0  _start_player_anim_tick            
     000005A1  _ui_fonts                          
     000005A4  _core_reset_hook                   main
     000005AC  _main                              main
     000005B4  _state_start_fns                   
     000005C6  _state_update_fns                  
     000005D8  _hUGE_init_banked                  hUGEDriver_obj
     000005DC  _hUGE_init                         hUGEDriver_obj
     000005E7  _hUGE_mute_channel_banked          hUGEDriver_obj
     000005EB  _hUGE_mute_channel                 hUGEDriver_obj
     000005F8  _hUGE_set_position_banked          hUGEDriver_obj
     000005FC  _hUGE_set_position                 hUGEDriver_obj
     00000605  hUGE_init                          hUGEDriver_obj
     0000065B  hUGE_mute_channel                  hUGEDriver_obj
     00000851  hUGE_set_position                  hUGEDriver_obj
     000009B9  _hUGE_dosound                      hUGEDriver_obj
     000009B9  _hUGE_dosound_banked               hUGEDriver_obj
     000009B9  hUGE_dosound                       hUGEDriver_obj
     00000CA8  _get_vram_byte                     
     00000CB5  _get_win_tile_xy                   
     00000CBD  _get_bkg_tile_xy                   
     00000CE4  _set_sprite_palette                CGB
     00000CE9  _set_bkg_palette                   CGB
     00000CEC  .set_palette                       CGB
     00000D0B  _set_sprite_palette_entry          CGB
     00000D10  _set_bkg_palette_entry             CGB
     00000D13  .set_palette_entry                 CGB
     00000D2F  _hide_sprites_range                Metasprites
     00000D5F  .sgb_check                         
ASxxxx Linker V03.00 + NoICE + sdld,  page 18.
Hexadecimal  [32-Bits]

Area                                    Addr        Size        Decimal Bytes (Attributes)
--------------------------------        ----        ----        ------- ----- ------------
_CODE                               00000200    00000C4E =        3150. bytes (REL,CON)

      Value  Global                              Global Defined In Module
      -----  --------------------------------   ------------------------
     00000D5F  _sgb_check                         
     00000DA7  _sgb_transfer                      
     00000DAC  .sgb_transfer                      
     00000DED  ___move_metasprite                 Metasprites
     00000E2C  _cpu_slow                          CGB
     00000E47  _cpu_fast                          CGB

ASxxxx Linker V03.00 + NoICE + sdld,  page 19.
Hexadecimal  [32-Bits]

Area                                    Addr        Size        Decimal Bytes (Attributes)
--------------------------------        ----        ----        ------- ----- ------------
_HEADER0                            00000000    00000001 =           1. bytes (ABS,CON)

      Value  Global                              Global Defined In Module
      -----  --------------------------------   ------------------------
     00000020  .call_hl                           Runtime

ASxxxx Linker V03.00 + NoICE + sdld,  page 20.
Hexadecimal  [32-Bits]

Area                                    Addr        Size        Decimal Bytes (Attributes)
--------------------------------        ----        ----        ------- ----- ------------
_HEADER1                            00000000    00000005 =           5. bytes (ABS,CON)

      Value  Global                              Global Defined In Module
      -----  --------------------------------   ------------------------
     00000028  .MemsetSmall                       Runtime

ASxxxx Linker V03.00 + NoICE + sdld,  page 21.
Hexadecimal  [32-Bits]

Area                                    Addr        Size        Decimal Bytes (Attributes)
--------------------------------        ----        ----        ------- ----- ------------
_HEADER2                            00000000    00000007 =           7. bytes (ABS,CON)

      Value  Global                              Global Defined In Module
      -----  --------------------------------   ------------------------
     00000030  .MemcpySmall                       Runtime

ASxxxx Linker V03.00 + NoICE + sdld,  page 22.
Hexadecimal  [32-Bits]

Area                                    Addr        Size        Decimal Bytes (Attributes)
--------------------------------        ----        ----        ------- ----- ------------
_HEADER3                            00000000    00000008 =           8. bytes (ABS,CON)

      Value  Global                              Global Defined In Module
      -----  --------------------------------   ------------------------
ASxxxx Linker V03.00 + NoICE + sdld,  page 23.
Hexadecimal  [32-Bits]

Area                                    Addr        Size        Decimal Bytes (Attributes)
--------------------------------        ----        ----        ------- ----- ------------
_HEADER4                            00000000    0000004E =          78. bytes (ABS,CON)

      Value  Global                              Global Defined In Module
      -----  --------------------------------   ------------------------
     00000080  .int                               Runtime
     0000008F  _wait_int_handler                  Runtime
     0000009C  __standard_VBL_handler             Runtime
     000000AC  _refresh_OAM                       Runtime

ASxxxx Linker V03.00 + NoICE + sdld,  page 24.
Hexadecimal  [32-Bits]

Area                                    Addr        Size        Decimal Bytes (Attributes)
--------------------------------        ----        ----        ------- ----- ------------
_HEADER5                            00000000    00000002 =           2. bytes (ABS,CON)

      Value  Global                              Global Defined In Module
      -----  --------------------------------   ------------------------
ASxxxx Linker V03.00 + NoICE + sdld,  page 25.
Hexadecimal  [32-Bits]

Area                                    Addr        Size        Decimal Bytes (Attributes)
--------------------------------        ----        ----        ------- ----- ------------
_HEADER6                            00000000    00000030 =          48. bytes (ABS,CON)

      Value  Global                              Global Defined In Module
      -----  --------------------------------   ------------------------
ASxxxx Linker V03.00 + NoICE + sdld,  page 26.
Hexadecimal  [32-Bits]

Area                                    Addr        Size        Decimal Bytes (Attributes)
--------------------------------        ----        ----        ------- ----- ------------
_HEADER7                            00000000    00000006 =           6. bytes (ABS,CON)

      Value  Global                              Global Defined In Module
      -----  --------------------------------   ------------------------
ASxxxx Linker V03.00 + NoICE + sdld,  page 27.
Hexadecimal  [32-Bits]

Area                                    Addr        Size        Decimal Bytes (Attributes)
--------------------------------        ----        ----        ------- ----- ------------
_HEADER8                            00000000    00000003 =           3. bytes (ABS,CON)

      Value  Global                              Global Defined In Module
      -----  --------------------------------   ------------------------
ASxxxx Linker V03.00 + NoICE + sdld,  page 28.
Hexadecimal  [32-Bits]

Area                                    Addr        Size        Decimal Bytes (Attributes)
--------------------------------        ----        ----        ------- ----- ------------
_HEADER9                            00000000    00000001 =           1. bytes (ABS,CON)

      Value  Global                              Global Defined In Module
      -----  --------------------------------   ------------------------
ASxxxx Linker V03.00 + NoICE + sdld,  page 29.
Hexadecimal  [32-Bits]

Area                                    Addr        Size        Decimal Bytes (Attributes)
--------------------------------        ----        ----        ------- ----- ------------
_HEADERa                            00000000    00000001 =           1. bytes (ABS,CON)

      Value  Global                              Global Defined In Module
      -----  --------------------------------   ------------------------
ASxxxx Linker V03.00 + NoICE + sdld,  page 30.
Hexadecimal  [32-Bits]

Area                                    Addr        Size        Decimal Bytes (Attributes)
--------------------------------        ----        ----        ------- ----- ------------
_HEADERb                            00000000    00000001 =           1. bytes (ABS,CON)

      Value  Global                              Global Defined In Module
      -----  --------------------------------   ------------------------
ASxxxx Linker V03.00 + NoICE + sdld,  page 31.
Hexadecimal  [32-Bits]

Area                                    Addr        Size        Decimal Bytes (Attributes)
--------------------------------        ----        ----        ------- ----- ------------
_HEADERc                            00000000    00000002 =           2. bytes (ABS,CON)

      Value  Global                              Global Defined In Module
      -----  --------------------------------   ------------------------
ASxxxx Linker V03.00 + NoICE + sdld,  page 32.
Hexadecimal  [32-Bits]

Area                                    Addr        Size        Decimal Bytes (Attributes)
--------------------------------        ----        ----        ------- ----- ------------
_HEADERd                            00000000    00000001 =           1. bytes (ABS,CON)

      Value  Global                              Global Defined In Module
      -----  --------------------------------   ------------------------
ASxxxx Linker V03.00 + NoICE + sdld,  page 33.
Hexadecimal  [32-Bits]

Area                                    Addr        Size        Decimal Bytes (Attributes)
--------------------------------        ----        ----        ------- ----- ------------
_HEADERe                            00000000    00000001 =           1. bytes (ABS,CON)

      Value  Global                              Global Defined In Module
      -----  --------------------------------   ------------------------
ASxxxx Linker V03.00 + NoICE + sdld,  page 34.
Hexadecimal  [32-Bits]

Area                                    Addr        Size        Decimal Bytes (Attributes)
--------------------------------        ----        ----        ------- ----- ------------
_HEADERf                            00000000    00000002 =           2. bytes (ABS,CON)

      Value  Global                              Global Defined In Module
      -----  --------------------------------   ------------------------
ASxxxx Linker V03.00 + NoICE + sdld,  page 35.
Hexadecimal  [32-Bits]

Area                                    Addr        Size        Decimal Bytes (Attributes)
--------------------------------        ----        ----        ------- ----- ------------
_HEADER10                           00000000    00000082 =         130. bytes (ABS,CON)

      Value  Global                              Global Defined In Module
      -----  --------------------------------   ------------------------
     00000150  .reset                             Runtime
     00000150  _reset                             Runtime
     00000157  .code_start                        Runtime
     000001B7  _exit                              Runtime
     000001BB  _set_interrupts                    Runtime

ASxxxx Linker V03.00 + NoICE + sdld,  page 36.
Hexadecimal  [32-Bits]

Area                                    Addr        Size        Decimal Bytes (Attributes)
--------------------------------        ----        ----        ------- ----- ------------
_HEADER11                           00000000    00000001 =           1. bytes (ABS,CON)

      Value  Global                              Global Defined In Module
      -----  --------------------------------   ------------------------
ASxxxx Linker V03.00 + NoICE + sdld,  page 37.
Hexadecimal  [32-Bits]

Area                                    Addr        Size        Decimal Bytes (Attributes)
--------------------------------        ----        ----        ------- ----- ------------
_HOME                               00000E4E    00002CDF =       11487. bytes (REL,CON)

      Value  Global                              Global Defined In Module
      -----  --------------------------------   ------------------------
     00000E4E  .memset_simple                     Runtime
     00000E57  .memcpy_simple                     Runtime
     00000E74  .remove_VBL                        Runtime
     00000E77  .remove_int                        Runtime
     00000E94  .add_VBL                           Runtime
     00000E97  .add_int                           Runtime
     00000EA2  .wait_vbl_done                     Runtime
     00000EA2  _wait_vbl_done                     Runtime
     00000EB2  .display_off                       Runtime
     00000EB2  _display_off                       Runtime
     00000ECA  _remove_VBL                        Runtime
     00000ED5  _add_VBL                           Runtime
     00000EE0  _actors_update                     actor
     000012E9  _SetBankedBkgData                  bankdata
     00001305  _SetBankedSpriteData               bankdata
     00001321  _SetBankedBkgTiles                 bankdata
     0000133D  _SetBankedWinTiles                 bankdata
     00001359  _ReadBankedFarPtr                  bankdata
     00001380  _ReadBankedUWORD                   bankdata
     0000139C  _MemcpyBanked                      bankdata
     000013B8  _MemcpyVRAMBanked                  bankdata
     000013D4  _IndexOfFarPtr                     bankdata
     0000146A  _camera_update                     camera
     0000159D  _load_animations                   data_manager
     000015FC  _events_update                     events
     000016CE  _timers_update                     events
     00001756  _input_update                      input
     00001788  .sio_ISR                           
     000017E2  .timer_ISR                         
     000017F7  _simple_LCD_isr                    interrupts
     00001873  _fullscreen_LCD_isr                interrupts
     0000189F  _VBL_isr                           interrupts
     000018E9  _isqrt                             math
     0000193F  _sine_wave                         math
     00001A3F  _dir_lookup                        math
     00001A47  _dir_angle_lookup                  math
     00001A4B  _hUGETrackerRoutine                music_manager
     00001A77  _music_events_update               music_manager
     00001AF9  _music_play_isr                    music_manager
     00001B9F  _parallax_LCD_isr                  parallax
     00001BDC  _projectiles_update                projectiles
     0000207B  _projectiles_render                projectiles
     000021EE  _scroll_load_pending_row           scroll
     0000227A  _scroll_load_row                   scroll
     000022F4  _scroll_load_col                   scroll
     0000235F  _scroll_load_pending_col           scroll
     000023F0  _set_bkg_submap                    
     00002433  _set_xy_win_submap                 
     00002460  .set_xy_win_submap                 
     00002469  .set_xy_bkg_submap                 
ASxxxx Linker V03.00 + NoICE + sdld,  page 38.
Hexadecimal  [32-Bits]

Area                                    Addr        Size        Decimal Bytes (Attributes)
--------------------------------        ----        ----        ------- ----- ------------
_HOME                               00000E4E    00002CDF =       11487. bytes (REL,CON)

      Value  Global                              Global Defined In Module
      -----  --------------------------------   ------------------------
     00002478  .set_xy_submap                     
     000024BE  _sfx_play_isr                      sfx_player
     00002591  _on_SIO_receive                    sio
     000025D2  _SIO_update                        sio
     00002639  _ui_update                         ui
     00002768  _vm_sgb_transfer                   vm_sgb
     000027B6  _vm_load_text                      vm_ui
     00002A0B  _vm_switch                         vm
     00002B0E  _vm_beginthread                    vm
     00002C33  _vm_rpn                            vm
     00003375  _vm_get_far                        vm
     000033DF  _vm_call_native                    vm
     000033F2  _VM_STEP                           vm
     00003460  _script_runner_update              vm
     000035CB  _fill_win_rect                     
     000035DD  _rand                              
     000035DD  _randw                             
     00003608  _initrand                          
     0000360A  .initrand                          
     00003613  _get_bkg_data                      
     00003613  _get_win_data                      
     00003660  _get_sprite_data                   
     00003690  __mulsuchar                        mul
     0000369A  __muluschar                        mul
     000036A4  __mulschar                         mul
     000036B6  __muluchar                         mul
     000036C2  __mulint                           mul
     000036E8  _abs                               abs
     000036F7  _set_win_tiles                     
     0000370B  _set_tile_data                     
     00003710  _set_bkg_data                      
     00003710  _set_win_data                      
     00003718  _set_sprite_data                   
     00003748  _reverse                           reverse
     0000377C  ___call__banked                    far_ptr
     00003799  _to_far_ptr                        far_ptr
     000037D2  _add_LCD                           
     000037DD  .add_LCD                           
     000037E3  _remove_LCD                        
     000037EE  .remove_LCD                        
     000037F4  .fill_rect_wtt                     
     000037FD  .fill_rect_btt                     
     0000384A  _joypad_init                       
     00003898  _joypad_ex                         
     0000389D  .joypad_ex                         
     000038E8  .copy_vram                         
     000038FC  _get_data                          
     000038FC  _set_data                          
     000038FC  _vmemcpy                           
     0000390F  _fill_bkg_rect                     
     00003921  ___sdcc_call_hl                    call_hl
ASxxxx Linker V03.00 + NoICE + sdld,  page 39.
Hexadecimal  [32-Bits]

Area                                    Addr        Size        Decimal Bytes (Attributes)
--------------------------------        ----        ----        ------- ----- ------------
_HOME                               00000E4E    00002CDF =       11487. bytes (REL,CON)

      Value  Global                              Global Defined In Module
      -----  --------------------------------   ------------------------
     00003922  ___memcpy                          memcpy
     00003922  _memcpy                            memcpy
     00003965  _memset                            memset
     00003998  .set_xy_wtt                        SetTileMap
     000039A1  .set_xy_btt                        SetTileMap
     000039B0  .set_xy_tt                         SetTileMap
     000039F2  __divsuchar                        div
     000039FF  __modsuchar                        div
     00003A09  __divuschar                        div
     00003A1B  __moduschar                        div
     00003A2B  __divschar                         div
     00003A37  __modschar                         div
     00003A41  __divsint                          div
     00003A52  __modsint                          div
     00003A61  __divuchar                         div
     00003A6D  __moduchar                         div
     00003A77  __divuint                          div
     00003A88  __moduint                          div
     00003A97  .div8                              div
     00003A97  .mod8                              div
     00003A9F  .div16                             div
     00003A9F  .mod16                             div
     00003AD5  .divu8                             div
     00003AD5  .modu8                             div
     00003AD8  .divu16                            div
     00003AD8  .modu16                            div
     00003B19  _set_bkg_tiles                     

ASxxxx Linker V03.00 + NoICE + sdld,  page 40.
Hexadecimal  [32-Bits]

Area                                    Addr        Size        Decimal Bytes (Attributes)
--------------------------------        ----        ----        ------- ----- ------------
_INITIALIZER                        00003B2D    00000019 =          25. bytes (REL,CON)

      Value  Global                              Global Defined In Module
      -----  --------------------------------   ------------------------
ASxxxx Linker V03.00 + NoICE + sdld,  page 41.
Hexadecimal  [32-Bits]

Area                                    Addr        Size        Decimal Bytes (Attributes)
--------------------------------        ----        ----        ------- ----- ------------
_GSINIT                             00003B46    00000027 =          39. bytes (REL,CON)

      Value  Global                              Global Defined In Module
      -----  --------------------------------   ------------------------
     00003B46  gsinit                             Runtime

ASxxxx Linker V03.00 + NoICE + sdld,  page 42.
Hexadecimal  [32-Bits]

Area                                    Addr        Size        Decimal Bytes (Attributes)
--------------------------------        ----        ----        ------- ----- ------------
[...]
                                          [ sprite_character_select_cur_tile ]
C:/Users/Dingus/AppData/Local/Temp/_gbsbuild/obj/sprite_character_select_cur.rel
                                          [ sprite_character_select_cur ]
C:/Users/Dingus/AppData/Local/Temp/_gbsbuild/obj/sprite_clock_cursor_tileset.rel
                                          [ sprite_clock_cursor_tileset ]
C:/Users/Dingus/AppData/Local/Temp/_gbsbuild/obj/sprite_clock_cursor.rel
                                          [ sprite_clock_cursor ]
C:/Users/Dingus/AppData/Local/Temp/_gbsbuild/obj/sprite_conspiracy_theorist__0_tileset.rel
                                          [ sprite_conspiracy_theorist__0_ti ]
C:/Users/Dingus/AppData/Local/Temp/_gbsbuild/obj/sprite_conspiracy_theorist__0.rel
                                          [ sprite_conspiracy_theorist__0 ]
C:/Users/Dingus/AppData/Local/Temp/_gbsbuild/obj/sprite_conspiracy_theorist__1_tileset.rel
                                          [ sprite_conspiracy_theorist__1_ti ]
C:/Users/Dingus/AppData/Local/Temp/_gbsbuild/obj/sprite_conspiracy_theorist__1.rel
                                          [ sprite_conspiracy_theorist__1 ]
C:/Users/Dingus/AppData/Local/Temp/_gbsbuild/obj/sprite_conspiracy_theorist__2_tileset.rel
                                          [ sprite_conspiracy_theorist__2_ti ]
C:/Users/Dingus/AppData/Local/Temp/_gbsbuild/obj/sprite_conspiracy_theorist__2.rel
                                          [ sprite_conspiracy_theorist__2 ]
C:/Users/Dingus/AppData/Local/Temp/_gbsbuild/obj/sprite_conspiracy_theorist__3_tileset.rel
                                          [ sprite_conspiracy_theorist__3_ti ]
C:/Users/Dingus/AppData/Local/Temp/_gbsbuild/obj/sprite_conspiracy_theorist__3.rel
                                          [ sprite_conspiracy_theorist__3 ]
C:/Users/Dingus/AppData/Local/Temp/_gbsbuild/obj/sprite_conspiracy_theorist__tileset.rel
                                          [ sprite_conspiracy_theorist__tile ]
C:/Users/Dingus/AppData/Local/Temp/_gbsbuild/obj/sprite_conspiracy_theorist_.rel
                                          [ sprite_conspiracy_theorist_ ]
C:/Users/Dingus/AppData/Local/Temp/_gbsbuild/obj/sprite_conspiracy_theorist_tileset.rel
                                          [ sprite_conspiracy_theorist_tiles ]
C:/Users/Dingus/AppData/Local/Temp/_gbsbuild/obj/sprite_conspiracy_theorist.rel
                                          [ sprite_conspiracy_theorist ]
C:/Users/Dingus/AppData/Local/Temp/_gbsbuild/obj/sprite_door_tileset.rel
                                          [ sprite_door_tileset ]
C:/Users/Dingus/AppData/Local/Temp/_gbsbuild/obj/sprite_door.rel
                                          [ sprite_door ]
C:/Users/Dingus/AppData/Local/Temp/_gbsbuild/obj/sprite_duck_tileset.rel
                                          [ sprite_duck_tileset ]
C:/Users/Dingus/AppData/Local/Temp/_gbsbuild/obj/sprite_duck.rel
                                          [ sprite_duck ]
C:/Users/Dingus/AppData/Local/Temp/_gbsbuild/obj/sprite_health0_tileset.rel
                                          [ sprite_health0_tileset ]
C:/Users/Dingus/AppData/Local/Temp/_gbsbuild/obj/sprite_health0.rel
                                          [ sprite_health0 ]
C:/Users/Dingus/AppData/Local/Temp/_gbsbuild/obj/sprite_health1_tileset.rel
                                          [ sprite_health1_tileset ]
C:/Users/Dingus/AppData/Local/Temp/_gbsbuild/obj/sprite_health1.rel
                                          [ sprite_health1 ]
C:/Users/Dingus/AppData/Local/Temp/_gbsbuild/obj/sprite_health2_tileset.rel
                                          [ sprite_health2_tileset ]
C:/Users/Dingus/AppData/Local/Temp/_gbsbuild/obj/sprite_health2.rel
                                          [ sprite_health2 ]
C:/Users/Dingus/AppData/Local/Temp/_gbsbuild/obj/sprite_health3_tileset.rel
                                          [ sprite_health3_tileset ]
C:/Users/Dingus/AppData/Local/Temp/_gbsbuild/obj/sprite_health3.rel
                                          [ sprite_health3 ]
C:/Users/Dingus/AppData/Local/Temp/_gbsbuild/obj/sprite_health4_tileset.rel
                                          [ sprite_health4_tileset ]
C:/Users/Dingus/AppData/Local/Temp/_gbsbuild/obj/sprite_health4.rel
                                          [ sprite_health4 ]
C:/Users/Dingus/AppData/Local/Temp/_gbsbuild/obj/sprite_invisible_tileset.rel
                                          [ sprite_invisible_tileset ]
C:/Users/Dingus/AppData/Local/Temp/_gbsbuild/obj/sprite_invisible.rel
                                          [ sprite_invisible ]
C:/Users/Dingus/AppData/Local/Temp/_gbsbuild/obj/sprite_map_cursor_tileset.rel
                                          [ sprite_map_cursor_tileset ]
C:/Users/Dingus/AppData/Local/Temp/_gbsbuild/obj/sprite_map_cursor.rel
                                          [ sprite_map_cursor ]
C:/Users/Dingus/AppData/Local/Temp/_gbsbuild/obj/sprite_screen_door_tileset.rel
                                          [ sprite_screen_door_tileset ]
C:/Users/Dingus/AppData/Local/Temp/_gbsbuild/obj/sprite_screen_door.rel
                                          [ sprite_screen_door ]
C:/Users/Dingus/AppData/Local/Temp/_gbsbuild/obj/sprite_signpost_tileset.rel
                                          [ sprite_signpost_tileset ]
C:/Users/Dingus/AppData/Local/Temp/_gbsbuild/obj/sprite_signpost.rel
                                          [ sprite_signpost ]
C:/Users/Dingus/AppData/Local/Temp/_gbsbuild/obj/sprite_trucker_face_ll_tileset.rel
                                          [ sprite_trucker_face_ll_tileset ]
C:/Users/Dingus/AppData/Local/Temp/_gbsbuild/obj/sprite_trucker_face_ll.rel
                                          [ sprite_trucker_face_ll ]
C:/Users/Dingus/AppData/Local/Temp/_gbsbuild/obj/sprite_trucker_face_lr_tileset.rel
                                          [ sprite_trucker_face_lr_tileset ]
C:/Users/Dingus/AppData/Local/Temp/_gbsbuild/obj/sprite_trucker_face_lr.rel
                                          [ sprite_trucker_face_lr ]
C:/Users/Dingus/AppData/Local/Temp/_gbsbuild/obj/sprite_trucker_face_ul_tileset.rel
                                          [ sprite_trucker_face_ul_tileset ]
C:/Users/Dingus/AppData/Local/Temp/_gbsbuild/obj/sprite_trucker_face_ul.rel
                                          [ sprite_trucker_face_ul ]
C:/Users/Dingus/AppData/Local/Temp/_gbsbuild/obj/sprite_trucker_face_ur_tileset.rel
                                          [ sprite_trucker_face_ur_tileset ]
C:/Users/Dingus/AppData/Local/Temp/_gbsbuild/obj/sprite_trucker_face_ur.rel
                                          [ sprite_trucker_face_ur ]
C:/Users/Dingus/AppData/Local/Temp/_gbsbuild/obj/sprite_trucker_tileset.rel
                                          [ sprite_trucker_tileset ]
C:/Users/Dingus/AppData/Local/Temp/_gbsbuild/obj/sprite_trucker.rel
                                          [ sprite_trucker ]
C:/Users/Dingus/AppData/Local/Temp/_gbsbuild/obj/sprite_vagrant_face_ll_tileset.rel
                                          [ sprite_vagrant_face_ll_tileset ]
C:/Users/Dingus/AppData/Local/Temp/_gbsbuild/obj/sprite_vagrant_face_ll.rel
                                          [ sprite_vagrant_face_ll ]
C:/Users/Dingus/AppData/Local/Temp/_gbsbuild/obj/sprite_vagrant_face_lr_tileset.rel
                                          [ sprite_vagrant_face_lr_tileset ]
C:/Users/Dingus/AppData/Local/Temp/_gbsbuild/obj/sprite_vagrant_face_lr.rel
                                          [ sprite_vagrant_face_lr ]
C:/Users/Dingus/AppData/Local/Temp/_gbsbuild/obj/sprite_vagrant_face_ul_tileset.rel
                                          [ sprite_vagrant_face_ul_tileset ]
C:/Users/Dingus/AppData/Local/Temp/_gbsbuild/obj/sprite_vagrant_face_ul.rel
                                          [ sprite_vagrant_face_ul ]
C:/Users/Dingus/AppData/Local/Temp/_gbsbuild/obj/sprite_vagrant_face_ur_tileset.rel
                                          [ sprite_vagrant_face_ur_tileset ]
C:/Users/Dingus/AppData/Local/Temp/_gbsbuild/obj/sprite_vagrant_face_ur.rel
                                          [ sprite_vagrant_face_ur ]
C:/Users/Dingus/AppData/Local/Temp/_gbsbuild/obj/sprite_vagrant_tileset.rel
                                          [ sprite_vagrant_tileset ]
C:/Users/Dingus/AppData/Local/Temp/_gbsbuild/obj/sprite_vagrant.rel
                                          [ sprite_vagrant ]
C:/Users/Dingus/AppData/Local/Temp/_gbsbuild/obj/sprite_witch_face_ll_tileset.rel
                                          [ sprite_witch_face_ll_tileset ]
C:/Users/Dingus/AppData/Local/Temp/_gbsbuild/obj/sprite_witch_face_ll.rel
                                          [ sprite_witch_face_ll ]
C:/Users/Dingus/AppData/Local/Temp/_gbsbuild/obj/sprite_witch_face_lr_tileset.rel
                                          [ sprite_witch_face_lr_tileset ]
C:/Users/Dingus/AppData/Local/Temp/_gbsbuild/obj/sprite_witch_face_lr.rel
                                          [ sprite_witch_face_lr ]
C:/Users/Dingus/AppData/Local/Temp/_gbsbuild/obj/sprite_witch_face_ul_tileset.rel
                                          [ sprite_witch_face_ul_tileset ]
C:/Users/Dingus/AppData/Local/Temp/_gbsbuild/obj/sprite_witch_face_ul.rel
                                          [ sprite_witch_face_ul ]
C:/Users/Dingus/AppData/Local/Temp/_gbsbuild/obj/sprite_witch_face_ur_tileset.rel
                                          [ sprite_witch_face_ur_tileset ]
C:/Users/Dingus/AppData/Local/Temp/_gbsbuild/obj/sprite_witch_face_ur.rel
                                          [ sprite_witch_face_ur ]
C:/Users/Dingus/AppData/Local/Temp/_gbsbuild/obj/sprite_witch_tileset.rel
                                          [ sprite_witch_tileset ]
C:/Users/Dingus/AppData/Local/Temp/_gbsbuild/obj/sprite_witch.rel
                                          [ sprite_witch ]
C:/Users/Dingus/AppData/Local/Temp/_gbsbuild/obj/spritesheet_none.rel
                                          [ spritesheet_none ]
C:/Users/Dingus/AppData/Local/Temp/_gbsbuild/obj/trigger_0_interact.rel
                                          [ trigger_0_interact ]
C:/Users/Dingus/AppData/Local/Temp/_gbsbuild/obj/trigger_1_interact.rel
                                          [ trigger_1_interact ]
C:/Users/Dingus/AppData/Local/Temp/_gbsbuild/obj/trigger_10_interact.rel
                                          [ trigger_10_interact ]
C:/Users/Dingus/AppData/Local/Temp/_gbsbuild/obj/trigger_11_interact.rel
                                          [ trigger_11_interact ]
C:/Users/Dingus/AppData/Local/Temp/_gbsbuild/obj/trigger_12_interact.rel
                                          [ trigger_12_interact ]
C:/Users/Dingus/AppData/Local/Temp/_gbsbuild/obj/trigger_13_interact.rel
                                          [ trigger_13_interact ]
C:/Users/Dingus/AppData/Local/Temp/_gbsbuild/obj/trigger_14_interact.rel
                                          [ trigger_14_interact ]
C:/Users/Dingus/AppData/Local/Temp/_gbsbuild/obj/trigger_17_interact.rel
                                          [ trigger_17_interact ]
C:/Users/Dingus/AppData/Local/Temp/_gbsbuild/obj/trigger_2_interact.rel
                                          [ trigger_2_interact ]
C:/Users/Dingus/AppData/Local/Temp/_gbsbuild/obj/trigger_20_interact.rel
                                          [ trigger_20_interact ]
C:/Users/Dingus/AppData/Local/Temp/_gbsbuild/obj/trigger_23_interact.rel
                                          [ trigger_23_interact ]
C:/Users/Dingus/AppData/Local/Temp/_gbsbuild/obj/trigger_24_interact.rel
                                          [ trigger_24_interact ]
C:/Users/Dingus/AppData/Local/Temp/_gbsbuild/obj/trigger_25_interact.rel
                                          [ trigger_25_interact ]
C:/Users/Dingus/AppData/Local/Temp/_gbsbuild/obj/trigger_26_interact.rel
                                          [ trigger_26_interact ]
C:/Users/Dingus/AppData/Local/Temp/_gbsbuild/obj/trigger_27_interact.rel
                                          [ trigger_27_interact ]
C:/Users/Dingus/AppData/Local/Temp/_gbsbuild/obj/trigger_29_interact.rel
                                          [ trigger_29_interact ]
C:/Users/Dingus/AppData/Local/Temp/_gbsbuild/obj/trigger_3_interact.rel
                                          [ trigger_3_interact ]
C:/Users/Dingus/AppData/Local/Temp/_gbsbuild/obj/trigger_30_interact.rel
                                          [ trigger_30_interact ]
C:/Users/Dingus/AppData/Local/Temp/_gbsbuild/obj/trigger_31_interact.rel
                                          [ trigger_31_interact ]
C:/Users/Dingus/AppData/Local/Temp/_gbsbuild/obj/trigger_35_interact.rel
                                          [ trigger_35_interact ]
C:/Users/Dingus/AppData/Local/Temp/_gbsbuild/obj/trigger_36_interact.rel
                                          [ trigger_36_interact ]
C:/Users/Dingus/AppData/Local/Temp/_gbsbuild/obj/trigger_37_interact.rel
                                          [ trigger_37_interact ]
C:/Users/Dingus/AppData/Local/Temp/_gbsbuild/obj/trigger_4_interact.rel
                                          [ trigger_4_interact ]
C:/Users/Dingus/AppData/Local/Temp/_gbsbuild/obj/trigger_40_interact.rel
                                          [ trigger_40_interact ]
C:/Users/Dingus/AppData/Local/Temp/_gbsbuild/obj/trigger_42_interact.rel
                                          [ trigger_42_interact ]
C:/Users/Dingus/AppData/Local/Temp/_gbsbuild/obj/trigger_43_interact.rel
                                          [ trigger_43_interact ]
C:/Users/Dingus/AppData/Local/Temp/_gbsbuild/obj/trigger_5_interact.rel
                                          [ trigger_5_interact ]
C:/Users/Dingus/AppData/Local/Temp/_gbsbuild/obj/trigger_6_interact.rel
                                          [ trigger_6_interact ]
C:/Users/Dingus/AppData/Local/Temp/_gbsbuild/obj/trigger_7_interact.rel
                                          [ trigger_7_interact ]
C:/Users/Dingus/AppData/Local/Temp/_gbsbuild/obj/trigger_8_interact.rel
                                          [ trigger_8_interact ]
C:/Users/Dingus/AppData/Local/Temp/_gbsbuild/obj/trigger_9_interact.rel
                                          [ trigger_9_interact ]
C:/Users/Dingus/AppData/Local/Temp/_gbsbuild/obj/trigger_east_exit_interact.rel
                                          [ trigger_east_exit_interact ]
C:/Users/Dingus/AppData/Local/Temp/_gbsbuild/obj/trigger_north_exit_interact.rel
                                          [ trigger_north_exit_interact ]
C:/Users/Dingus/AppData/Local/Temp/_gbsbuild/obj/trigger_south_exit_interact.rel
                                          [ trigger_south_exit_interact ]
C:/Users/Dingus/AppData/Local/Temp/_gbsbuild/obj/trigger_west_exit_interact.rel
                                          [ trigger_west_exit_interact ]
C:/Users/Dingus/AppData/Local/Temp/_gbsbuild/obj/main.rel
                                          [ main ]
C:/Users/Dingus/AppData/Local/Temp/_gbsbuild/obj/adventure.rel
                                          [ adventure ]
C:/Users/Dingus/AppData/Local/Temp/_gbsbuild/obj/logo.rel
                                          [ logo ]
C:/Users/Dingus/AppData/Local/Temp/_gbsbuild/obj/platform.rel
                                          [ platform ]
C:/Users/Dingus/AppData/Local/Temp/_gbsbuild/obj/pointnclick.rel
                                          [ pointnclick ]
C:/Users/Dingus/AppData/Local/Temp/_gbsbuild/obj/shmup.rel
                                          [ shmup ]
C:/Users/Dingus/AppData/Local/Temp/_gbsbuild/obj/states_ptrs.rel
                                          [  ]
C:/Users/Dingus/AppData/Local/Temp/_gbsbuild/obj/topdown.rel
                                          [ topdown ]


Libraries Linked                          [ object file ]

C:\Users\Dingus\AppData\Local\Temp/_gbstools/gbdk/lib/small/asxxxx/gb/gb.lib
                                          [ fill_rect_wi.o ]
C:\Users\Dingus\AppData\Local\Temp/_gbstools/gbdk/lib/small/asxxxx/gbz80/gbz80.lib
                                          [ rand.o ]
lib/hUGEDriver.lib                        [ hUGEDriver.obj.o ]
C:\Users\Dingus\AppData\Local\Temp/_gbstools/gbdk/lib/small/asxxxx/gb/gb.lib
                                          [ sfr.o ]
C:\Users\Dingus\AppData\Local\Temp/_gbstools/gbdk/lib/small/asxxxx/gb/gb.lib
                                          [ get_data.o ]
C:\Users\Dingus\AppData\Local\Temp/_gbstools/gbdk/lib/small/asxxxx/gb/gb.lib
                                          [ get_tile.o ]
C:\Users\Dingus\AppData\Local\Temp/_gbstools/gbdk/lib/small/asxxxx/gb/gb.lib
                                          [ cgb_palettes.o ]
C:\Users\Dingus\AppData\Local\Temp/_gbstools/gbdk/lib/small/asxxxx/gb/gb.lib
                                          [ metasprites_hide_spr.o ]
C:\Users\Dingus\AppData\Local\Temp/_gbstools/gbdk/lib/small/asxxxx/gbz80/gbz80.lib
                                          [ mul.o ]
C:\Users\Dingus\AppData\Local\Temp/_gbstools/gbdk/lib/small/asxxxx/gbz80/gbz80.lib
                                          [ abs.o ]
C:\Users\Dingus\AppData\Local\Temp/_gbstools/gbdk/lib/small/asxxxx/gb/gb.lib
                                          [ set_wi_t.o ]
C:\Users\Dingus\AppData\Local\Temp/_gbstools/gbdk/lib/small/asxxxx/gb/gb.lib
                                          [ set_data.o ]
C:\Users\Dingus\AppData\Local\Temp/_gbstools/gbdk/lib/small/asxxxx/gbz80/gbz80.lib
                                          [ reverse.o ]
C:\Users\Dingus\AppData\Local\Temp/_gbstools/gbdk/lib/small/asxxxx/gb/gb.lib
                                          [ far_ptr.o ]
C:\Users\Dingus\AppData\Local\Temp/_gbstools/gbdk/lib/small/asxxxx/gb/gb.lib
                                          [ sgb.o ]
C:\Users\Dingus\AppData\Local\Temp/_gbstools/gbdk/lib/small/asxxxx/gb/gb.lib
                                          [ lcd.o ]
C:\Users\Dingus\AppData\Local\Temp/_gbstools/gbdk/lib/small/asxxxx/gb/gb.lib
                                          [ fill_rect.o ]
C:\Users\Dingus\AppData\Local\Temp/_gbstools/gbdk/lib/small/asxxxx/gb/gb.lib
                                          [ pad_ex.o ]
C:\Users\Dingus\AppData\Local\Temp/_gbstools/gbdk/lib/small/asxxxx/gb/gb.lib
                                          [ cpy_data.o ]
C:\Users\Dingus\AppData\Local\Temp/_gbstools/gbdk/lib/small/asxxxx/gb/gb.lib
                                          [ fill_rect_bk.o ]
C:\Users\Dingus\AppData\Local\Temp/_gbstools/gbdk/lib/small/asxxxx/gb/gb.lib
                                          [ metasprites.o ]
C:\Users\Dingus\AppData\Local\Temp/_gbstools/gbdk/lib/small/asxxxx/gbz80/gbz80.lib
                                          [ __sdcc_call_hl.o ]
C:\Users\Dingus\AppData\Local\Temp/_gbstools/gbdk/lib/small/asxxxx/gbz80/gbz80.lib
                                          [ _memcpy.o ]
C:\Users\Dingus\AppData\Local\Temp/_gbstools/gbdk/lib/small/asxxxx/gbz80/gbz80.lib
                                          [ _memset.o ]
C:\Users\Dingus\AppData\Local\Temp/_gbstools/gbdk/lib/small/asxxxx/gb/gb.lib
                                          [ set_xy_t.o ]
C:\Users\Dingus\AppData\Local\Temp/_gbstools/gbdk/lib/small/asxxxx/gb/gb.lib
                                          [ cgb.o ]
C:\Users\Dingus\AppData\Local\Temp/_gbstools/gbdk/lib/small/asxxxx/gbz80/gbz80.lib
                                          [ div.o ]
C:\Users\Dingus\AppData\Local\Temp/_gbstools/gbdk/lib/small/asxxxx/gb/gb.lib
                                          [ set_bk_t.o ]

ASxxxx Linker V03.00 + NoICE + sdld,  page 82.

User Base Address Definitions

_DATA=0xC0A0
_CODE=0x0200
ASxxxx Linker V03.00 + NoICE + sdld,  page 83.

User Global Definitions

.STACK=0xDF00
_shadow_OAM=0xC000
.refresh_OAM=0xFF80
__start_save=12

